
> Configure project :
Fabric Loom: 1.14.10

> Task :compileJava UP-TO-DATE
> Task :processResources UP-TO-DATE
> Task :classes UP-TO-DATE
> Task :compileClientJava UP-TO-DATE
> Task :processClientResources UP-TO-DATE
> Task :clientClasses UP-TO-DATE
> Task :generateLog4jConfig UP-TO-DATE
> Task :generateRemapClasspath UP-TO-DATE
> Task :generateDLIConfig UP-TO-DATE
> Task :configureLaunch UP-TO-DATE
> Task :downloadAssets UP-TO-DATE
> Task :configureClientLaunch UP-TO-DATE

> Task :runClient
[10:42:12] [main/INFO] (FabricLoader/GameProvider) Loading Minecraft 1.21.4 with Fabric Loader 0.16.9
[10:42:12] [main/INFO] (FabricLoader) Loading 55 mods:
	- fabric-api 0.119.4+1.21.4
	- fabric-api-base 0.4.54+b47eab6b04
	- fabric-api-lookup-api-v1 1.6.86+b1caf1e904
	- fabric-biome-api-v1 15.0.6+b1c29d8e04
	- fabric-block-api-v1 1.0.31+7feeb73304
	- fabric-block-view-api-v2 1.0.20+9c49cc8c04
	- fabric-blockrenderlayer-v1 2.0.8+7feeb73304
	- fabric-client-gametest-api-v1 4.1.1+6816ccd404
	- fabric-client-tags-api-v1 1.1.29+20ea1e2304
	- fabric-command-api-v1 1.2.62+f71b366f04
	- fabric-command-api-v2 2.2.41+e496eb1504
	- fabric-commands-v0 0.2.79+df3654b304
	- fabric-content-registries-v0 9.1.19+25d1a67604
	- fabric-convention-tags-v1 2.1.20+7f945d5b04
	- fabric-convention-tags-v2 2.14.1+aebda09404
	- fabric-crash-report-info-v1 0.3.6+7feeb73304
	- fabric-data-attachment-api-v1 1.6.2+e99da0f704
	- fabric-data-generation-api-v1 22.3.1+0f4e5f5504
	- fabric-dimensions-v1 4.0.10+7feeb73304
	- fabric-entity-events-v1 2.0.15+62245bef04
	- fabric-events-interaction-v0 4.0.4+a4eebcf004
	- fabric-game-rule-api-v1 1.0.63+7d48d43904
	- fabric-gametest-api-v1 2.0.26+7feeb73304
	- fabric-item-api-v1 11.4.0+189dd6fe04
	- fabric-item-group-api-v1 4.2.2+fcb9601404
	- fabric-key-binding-api-v1 1.0.57+7d48d43904
	- fabric-keybindings-v0 0.2.55+df3654b304
	- fabric-lifecycle-events-v1 2.5.4+bf2a60eb04
	- fabric-loot-api-v2 3.0.38+3f89f5a504
	- fabric-loot-api-v3 1.0.26+203e6b2304
	- fabric-message-api-v1 6.0.26+238a33c004
	- fabric-model-loading-api-v1 4.3.0+ae23723504
	- fabric-networking-api-v1 4.4.0+db5e668204
	- fabric-object-builder-api-v1 18.0.14+38b0d59804
	- fabric-particles-v1 4.0.14+7feeb73304
	- fabric-recipe-api-v1 8.1.1+640e77ae04
	- fabric-registry-sync-v0 6.1.11+4a9c1ece04
	- fabric-renderer-api-v1 5.0.3+50f0feb204
	- fabric-renderer-indigo 2.0.3+50f0feb204
	- fabric-rendering-data-attachment-v1 0.3.58+73761d2e04
	- fabric-rendering-fluids-v1 3.1.19+7feeb73304
	- fabric-rendering-v1 10.2.1+0d31b09f04
	- fabric-resource-conditions-api-v1 5.0.13+203e6b2304
	- fabric-resource-loader-v0 3.1.1+360374ac04
	- fabric-screen-api-v1 2.0.38+7feeb73304
	- fabric-screen-handler-api-v1 1.3.118+7feeb73304
	- fabric-sound-api-v1 1.0.32+7feeb73304
	- fabric-tag-api-v1 1.0.7+7d48d43904
	- fabric-transfer-api-v1 5.4.9+efa825c904
	- fabric-transitive-access-wideners-v1 6.3.2+56e78b9b04
	- fabricloader 0.16.9
	- java 21
	- lepszyswiat 1.0.0
	- minecraft 1.21.4
	- mixinextras 0.4.1
[10:42:13] [main/INFO] (FabricLoader/Mixin) SpongePowered MIXIN Subsystem Version=0.8.7 Source=file:/home/jules/.gradle/caches/modules-2/files-2.1/net.fabricmc/sponge-mixin/0.15.4+mixin.0.8.7/6a12aacc794f1078458433116e9ed42c1cc98096/sponge-mixin-0.15.4+mixin.0.8.7.jar Service=Knot/Fabric Env=CLIENT
[10:42:13] [main/INFO] (FabricLoader/Mixin) Loaded Fabric development mappings for mixin remapper!
[10:42:13] [main/INFO] (FabricLoader/Mixin) Compatibility level set to JAVA_21
[10:42:15] [main/INFO] (FabricLoader/MixinExtras|Service) Initializing MixinExtras via com.llamalad7.mixinextras.service.MixinExtrasServiceImpl(version=0.4.1).
[10:42:16] [Datafixer Bootstrap/INFO] (Minecraft) 243 Datafixer optimizations took 715 milliseconds
[10:42:25] [Render thread/INFO] (Minecraft) Environment: Environment[sessionHost=https://sessionserver.mojang.com, servicesHost=https://api.minecraftservices.com, name=PROD]
[10:42:25] [Render thread/INFO] (Minecraft) Setting user: Player409
[10:42:26] [Render thread/INFO] (lepszyswiat) Hello Fabric world!
[10:42:26] [Render thread/INFO] (Indigo) [Indigo] Registering Indigo renderer!
[10:42:26] [Render thread/INFO] (Minecraft) Backend library: LWJGL version 3.3.3-snapshot
error: XDG_RUNTIME_DIR is invalid or not set in the environment.
---- Minecraft Crash Report ----
// Quite honestly, I wouldn't worry myself about that.

Time: 2026-01-02 10:42:26
Description: Initializing game

java.lang.IllegalStateException: Failed to initialize GLFW, errors: GLFW error during init: [0x1000E]Failed to detect any supported platform
	at knot//com.mojang.blaze3d.platform.GLX._initGlfw(GLX.java:78)
	at knot//com.mojang.blaze3d.systems.RenderSystem.initBackendSystem(RenderSystem.java:460)
	at knot//net.minecraft.client.Minecraft.<init>(Minecraft.java:501)
	at knot//net.minecraft.client.main.Main.main(Main.java:250)
	at net.fabricmc.loader.impl.game.minecraft.MinecraftGameProvider.launch(MinecraftGameProvider.java:480)
	at net.fabricmc.loader.impl.launch.knot.Knot.launch(Knot.java:74)
	at net.fabricmc.loader.impl.launch.knot.KnotClient.main(KnotClient.java:23)
	at net.fabricmc.devlaunchinjector.Main.main(Main.java:86)


A detailed walkthrough of the error, its code path and all known details is as follows:
---------------------------------------------------------------------------------------

-- Head --
Thread: Render thread
Stacktrace:
	at knot//com.mojang.blaze3d.platform.GLX._initGlfw(GLX.java:78)
	at knot//com.mojang.blaze3d.systems.RenderSystem.initBackendSystem(RenderSystem.java:460)
	at knot//net.minecraft.client.Minecraft.<init>(Minecraft.java:501)

-- Initialization --
Details:
	Modules:
Stacktrace:
	at knot//net.minecraft.client.main.Main.main(Main.java:250)
	at net.fabricmc.loader.impl.game.minecraft.MinecraftGameProvider.launch(MinecraftGameProvider.java:480)
	at net.fabricmc.loader.impl.launch.knot.Knot.launch(Knot.java:74)
	at net.fabricmc.loader.impl.launch.knot.KnotClient.main(KnotClient.java:23)
	at net.fabricmc.devlaunchinjector.Main.main(Main.java:86)

-- System Details --
Details:
	Minecraft Version: 1.21.4
	Minecraft Version ID: 1.21.4
	Operating System: Linux (amd64) version 6.8.0
	Java Version: 21.0.8, Ubuntu
	Java VM Version: OpenJDK 64-Bit Server VM (mixed mode, sharing), Ubuntu
	Memory: 63963136 bytes (61 MiB) / 437256192 bytes (417 MiB) up to 2086666240 bytes (1990 MiB)
	CPUs: 4
	Processor Vendor: GenuineIntel
	Processor Name: Intel(R) Xeon(R) Processor @ 2.30GHz
	Identifier: Intel64 Family 6 Model 63 Stepping 0
	Microarchitecture: Haswell (Server)
	Frequency (GHz): 2.30
	Number of physical packages: 1
	Number of physical CPUs: 4
	Number of logical CPUs: 4
	Graphics card #0 name: unknown
	Graphics card #0 vendor: unknown
	Graphics card #0 VRAM (MiB): 0.00
	Graphics card #0 deviceId: unknown
	Graphics card #0 versionInfo: unknown
	Virtual memory max (MiB): 3979.54
	Virtual memory used (MiB): 2628.50
	Swap memory total (MiB): 0.00
	Swap memory used (MiB): 0.00
	Space in storage for jna.tmpdir (MiB): <path not set>
	Space in storage for org.lwjgl.system.SharedLibraryExtractPath (MiB): <path not set>
	Space in storage for io.netty.native.workdir (MiB): <path not set>
	Space in storage for java.io.tmpdir (MiB): available: 93962.98, total: 100220.93
	Space in storage for workdir (MiB): available: 93962.98, total: 100220.93
	JVM Flags: 0 total;
	Fabric Mods:
		fabric-api: Fabric API 0.119.4+1.21.4
		fabric-api-base: Fabric API Base 0.4.54+b47eab6b04
		fabric-api-lookup-api-v1: Fabric API Lookup API (v1) 1.6.86+b1caf1e904
		fabric-biome-api-v1: Fabric Biome API (v1) 15.0.6+b1c29d8e04
		fabric-block-api-v1: Fabric Block API (v1) 1.0.31+7feeb73304
		fabric-block-view-api-v2: Fabric BlockView API (v2) 1.0.20+9c49cc8c04
		fabric-blockrenderlayer-v1: Fabric BlockRenderLayer Registration (v1) 2.0.8+7feeb73304
		fabric-client-gametest-api-v1: Fabric Client Game Test API (v1) 4.1.1+6816ccd404
		fabric-client-tags-api-v1: Fabric Client Tags 1.1.29+20ea1e2304
		fabric-command-api-v1: Fabric Command API (v1) 1.2.62+f71b366f04
		fabric-command-api-v2: Fabric Command API (v2) 2.2.41+e496eb1504
		fabric-commands-v0: Fabric Commands (v0) 0.2.79+df3654b304
		fabric-content-registries-v0: Fabric Content Registries (v0) 9.1.19+25d1a67604
		fabric-convention-tags-v1: Fabric Convention Tags 2.1.20+7f945d5b04
		fabric-convention-tags-v2: Fabric Convention Tags (v2) 2.14.1+aebda09404
		fabric-crash-report-info-v1: Fabric Crash Report Info (v1) 0.3.6+7feeb73304
		fabric-data-attachment-api-v1: Fabric Data Attachment API (v1) 1.6.2+e99da0f704
		fabric-data-generation-api-v1: Fabric Data Generation API (v1) 22.3.1+0f4e5f5504
		fabric-dimensions-v1: Fabric Dimensions API (v1) 4.0.10+7feeb73304
		fabric-entity-events-v1: Fabric Entity Events (v1) 2.0.15+62245bef04
		fabric-events-interaction-v0: Fabric Events Interaction (v0) 4.0.4+a4eebcf004
		fabric-game-rule-api-v1: Fabric Game Rule API (v1) 1.0.63+7d48d43904
		fabric-gametest-api-v1: Fabric Game Test API (v1) 2.0.26+7feeb73304
		fabric-item-api-v1: Fabric Item API (v1) 11.4.0+189dd6fe04
		fabric-item-group-api-v1: Fabric Item Group API (v1) 4.2.2+fcb9601404
		fabric-key-binding-api-v1: Fabric Key Binding API (v1) 1.0.57+7d48d43904
		fabric-keybindings-v0: Fabric Key Bindings (v0) 0.2.55+df3654b304
		fabric-lifecycle-events-v1: Fabric Lifecycle Events (v1) 2.5.4+bf2a60eb04
		fabric-loot-api-v2: Fabric Loot API (v2) 3.0.38+3f89f5a504
		fabric-loot-api-v3: Fabric Loot API (v3) 1.0.26+203e6b2304
		fabric-message-api-v1: Fabric Message API (v1) 6.0.26+238a33c004
		fabric-model-loading-api-v1: Fabric Model Loading API (v1) 4.3.0+ae23723504
		fabric-networking-api-v1: Fabric Networking API (v1) 4.4.0+db5e668204
		fabric-object-builder-api-v1: Fabric Object Builder API (v1) 18.0.14+38b0d59804
		fabric-particles-v1: Fabric Particles (v1) 4.0.14+7feeb73304
		fabric-recipe-api-v1: Fabric Recipe API (v1) 8.1.1+640e77ae04
		fabric-registry-sync-v0: Fabric Registry Sync (v0) 6.1.11+4a9c1ece04
		fabric-renderer-api-v1: Fabric Renderer API (v1) 5.0.3+50f0feb204
		fabric-renderer-indigo: Fabric Renderer - Indigo 2.0.3+50f0feb204
		fabric-rendering-data-attachment-v1: Fabric Rendering Data Attachment (v1) 0.3.58+73761d2e04
		fabric-rendering-fluids-v1: Fabric Rendering Fluids (v1) 3.1.19+7feeb73304
		fabric-rendering-v1: Fabric Rendering (v1) 10.2.1+0d31b09f04
		fabric-resource-conditions-api-v1: Fabric Resource Conditions API (v1) 5.0.13+203e6b2304
		fabric-resource-loader-v0: Fabric Resource Loader (v0) 3.1.1+360374ac04
		fabric-screen-api-v1: Fabric Screen API (v1) 2.0.38+7feeb73304
		fabric-screen-handler-api-v1: Fabric Screen Handler API (v1) 1.3.118+7feeb73304
		fabric-sound-api-v1: Fabric Sound API (v1) 1.0.32+7feeb73304
		fabric-tag-api-v1: Fabric Tag API (v1) 1.0.7+7d48d43904
		fabric-transfer-api-v1: Fabric Transfer API (v1) 5.4.9+efa825c904
		fabric-transitive-access-wideners-v1: Fabric Transitive Access Wideners (v1) 6.3.2+56e78b9b04
		fabricloader: Fabric Loader 0.16.9
		java: OpenJDK 64-Bit Server VM 21
		lepszyswiat: Lepszy Swiat 1.0.0
		minecraft: Minecraft 1.21.4
		mixinextras: MixinExtras 0.4.1
	Launched Version: Fabric
	Backend library: LWJGL version 3.3.3-snapshot
	Backend API: Unknown
	Window size: <not initialized>
	GFLW Platform: <error>
	GL Caps: Using framebuffer using OpenGL 3.2
	GL debug messages: <disabled>
	Is Modded: Definitely; Client brand changed to 'fabric'
	Universe: 404
	Type: Client (map_client.txt)
	Locale: en
	System encoding: UTF-8
	File encoding: UTF-8
	CPU: <unknown>
#@!@# Game crashed! Crash report saved to: #@!@# /app/run/crash-reports/crash-2026-01-02_10.42.26-client.txt

> Task :runClient FAILED

FAILURE: Build failed with an exception.

* What went wrong:
Execution failed for task ':runClient'.
> Process 'command '/usr/lib/jvm/java-21-openjdk-amd64/bin/java'' finished with non-zero exit value 255

* Try:
> Run with --stacktrace option to get the stack trace.
> Run with --info or --debug option to get more log output.
> Run with --scan to generate a Build Scan (powered by Develocity).
> Get more help at https://help.gradle.org.

BUILD FAILED in 16s
9 actionable tasks: 1 executed, 8 up-to-date
